=== FINORA APP STARTING - V1.1 (i18n check) ===
Loaded translations for: ['ar', 'en', 'ku', 'tr']
Database connection OK.
Ensured telegram_chat_profiles + telegram_booking_sessions tables exist.
Added access_token, username, password columns to shipping_company table.
Shipping report table already exists.
Added permission columns to employee table.
Added username and password columns to delivery_agent table.
Added page_id and page_name columns to invoice table.
Added visibility columns to page table.
Added order video columns to invoice table.
Current columns in 'employee': ['id', 'tenant_id', 'name', 'username', 'password', 'role', 'is_active', 'profile_pic', 'language', 'theme_preference', 'can_see_orders', 'can_see_orders_placed', 'can_see_orders_delivered', 'can_see_orders_returned', 'can_see_orders_shipped', 'can_edit_price', 'can_see_reports', 'can_manage_inventory', 'can_see_expenses', 'can_manage_suppliers', 'can_manage_customers', 'can_see_accounts', 'can_see_financial', 'shipping_company_id', 'commission_percent', 'salary', 'total_orders', 'total_sales', 'created_at']
Employee table is up to date.
Current columns in 'subscription_plans': ['id', 'plan_key', 'name', 'price_monthly', 'price_yearly', 'original_price_monthly', 'original_price_yearly', 'max_users', 'max_orders_monthly', 'features_json', 'created_at', 'updated_at']
subscription_plans table is up to date.
Publisher scheduler started (PID 19752)
Publisher module loaded.
 * Serving Flask app 'app'
 * Debug mode: off
DEBUG: Session language is 'ar'
Scheduler job error: (sqlite3.OperationalError) no such column: publisher_posts.visibility
[SQL: SELECT publisher_posts.id AS publisher_posts_id, publisher_posts.tenant_slug AS publisher_posts_tenant_slug, publisher_posts.text AS publisher_posts_text, publisher_posts.media_ids AS publisher_posts_media_ids, publisher_posts.page_ids AS publisher_posts_page_ids, publisher_posts.facebook_post_ids AS publisher_posts_facebook_post_ids, publisher_posts.status AS publisher_posts_status, publisher_posts.publish_type AS publisher_posts_publish_type, publisher_posts.publish_time AS publisher_posts_publish_time, publisher_posts.visibility AS publisher_posts_visibility, publisher_posts.error_message AS publisher_posts_error_message, publisher_posts.created_at AS publisher_posts_created_at 
FROM publisher_posts 
WHERE publisher_posts.status IN (?, ?) AND publisher_posts.tenant_slug = ?]
[parameters: ('queued', 'scheduled', 'test')]
(Background on this error at: https://sqlalche.me/e/20/e3q8)
Traceback (most recent call last):
  File "C:\Users\msi\Desktop\مجلد جديد (2)\accounting_system\venv\Lib\site-packages\sqlalchemy\engine\base.py", line 1967, in _exec_single_context
    self.dialect.do_execute(
  File "C:\Users\msi\Desktop\مجلد جديد (2)\accounting_system\venv\Lib\site-packages\sqlalchemy\engine\default.py", line 952, in do_execute
    cursor.execute(statement, parameters)
sqlite3.OperationalError: no such column: publisher_posts.visibility

The above exception was the direct cause of the following exception:

Traceback (most recent call last):
  File "C:\Users\msi\Desktop\مجلد جديد (2)\accounting_system\modules\publisher\services\scheduler_service.py", line 335, in _publish_due_posts
    posts = query.all()
            ^^^^^^^^^^^
  File "C:\Users\msi\Desktop\مجلد جديد (2)\accounting_system\venv\Lib\site-packages\sqlalchemy\orm\query.py", line 2704, in all
    return self._iter().all()  # type: ignore
           ^^^^^^^^^^^^
  File "C:\Users\msi\Desktop\مجلد جديد (2)\accounting_system\venv\Lib\site-packages\sqlalchemy\orm\query.py", line 2857, in _iter
    result: Union[ScalarResult[_T], Result[_T]] = self.session.execute(
                                                  ^^^^^^^^^^^^^^^^^^^^^
  File "C:\Users\msi\Desktop\مجلد جديد (2)\accounting_system\venv\Lib\site-packages\sqlalchemy\orm\session.py", line 2351, in execute
    return self._execute_internal(
           ^^^^^^^^^^^^^^^^^^^^^^^
  File "C:\Users\msi\Desktop\مجلد جديد (2)\accounting_system\venv\Lib\site-packages\sqlalchemy\orm\session.py", line 2249, in _execute_internal
    result: Result[Any] = compile_state_cls.orm_execute_statement(
                          ^^^^^^^^^^^^^^^^^^^^^^^^^^^^^^^^^^^^^^^^
  File "C:\Users\msi\Desktop\مجلد جديد (2)\accounting_system\venv\Lib\site-packages\sqlalchemy\orm\context.py", line 306, in orm_execute_statement
    result = conn.execute(
             ^^^^^^^^^^^^^
  File "C:\Users\msi\Desktop\مجلد جديد (2)\accounting_system\venv\Lib\site-packages\sqlalchemy\engine\base.py", line 1419, in execute
    return meth(
           ^^^^^
  File "C:\Users\msi\Desktop\مجلد جديد (2)\accounting_system\venv\Lib\site-packages\sqlalchemy\sql\elements.py", line 527, in _execute_on_connection
    return connection._execute_clauseelement(
           ^^^^^^^^^^^^^^^^^^^^^^^^^^^^^^^^^^
  File "C:\Users\msi\Desktop\مجلد جديد (2)\accounting_system\venv\Lib\site-packages\sqlalchemy\engine\base.py", line 1641, in _execute_clauseelement
    ret = self._execute_context(
          ^^^^^^^^^^^^^^^^^^^^^^
  File "C:\Users\msi\Desktop\مجلد جديد (2)\accounting_system\venv\Lib\site-packages\sqlalchemy\engine\base.py", line 1846, in _execute_context
    return self._exec_single_context(
           ^^^^^^^^^^^^^^^^^^^^^^^^^^
  File "C:\Users\msi\Desktop\مجلد جديد (2)\accounting_system\venv\Lib\site-packages\sqlalchemy\engine\base.py", line 1986, in _exec_single_context
    self._handle_dbapi_exception(
  File "C:\Users\msi\Desktop\مجلد جديد (2)\accounting_system\venv\Lib\site-packages\sqlalchemy\engine\base.py", line 2363, in _handle_dbapi_exception
    raise sqlalchemy_exception.with_traceback(exc_info[2]) from e
  File "C:\Users\msi\Desktop\مجلد جديد (2)\accounting_system\venv\Lib\site-packages\sqlalchemy\engine\base.py", line 1967, in _exec_single_context
    self.dialect.do_execute(
  File "C:\Users\msi\Desktop\مجلد جديد (2)\accounting_system\venv\Lib\site-packages\sqlalchemy\engine\default.py", line 952, in do_execute
    cursor.execute(statement, parameters)
sqlalchemy.exc.OperationalError: (sqlite3.OperationalError) no such column: publisher_posts.visibility
[SQL: SELECT publisher_posts.id AS publisher_posts_id, publisher_posts.tenant_slug AS publisher_posts_tenant_slug, publisher_posts.text AS publisher_posts_text, publisher_posts.media_ids AS publisher_posts_media_ids, publisher_posts.page_ids AS publisher_posts_page_ids, publisher_posts.facebook_post_ids AS publisher_posts_facebook_post_ids, publisher_posts.status AS publisher_posts_status, publisher_posts.publish_type AS publisher_posts_publish_type, publisher_posts.publish_time AS publisher_posts_publish_time, publisher_posts.visibility AS publisher_posts_visibility, publisher_posts.error_message AS publisher_posts_error_message, publisher_posts.created_at AS publisher_posts_created_at 
FROM publisher_posts 
WHERE publisher_posts.status IN (?, ?) AND publisher_posts.tenant_slug = ?]
[parameters: ('queued', 'scheduled', 'test')]
(Background on this error at: https://sqlalche.me/e/20/e3q8)
DEBUG: Session language is 'ar'
DEBUG: Session language is 'ar'
DEBUG: Session language is 'ar'
DEBUG: Session language is 'ar'
DEBUG: Session language is 'ar'
DEBUG: Session language is 'ar'
DEBUG: Session language is 'ar'
DEBUG: Session language is 'ar'
DEBUG: Session language is 'ar'
DEBUG: Session language is 'ar'
DEBUG: Session language is 'ar'
DEBUG: Session language is 'ar'
DEBUG: Session language is 'ar'
DEBUG: Session language is 'ar'
DEBUG: Session language is 'ar'
DEBUG: Session language is 'ar'
DEBUG: Session language is 'ar'
DEBUG: Session language is 'ar'
Scheduler job error: (sqlite3.OperationalError) no such column: publisher_posts.visibility
[SQL: SELECT publisher_posts.id AS publisher_posts_id, publisher_posts.tenant_slug AS publisher_posts_tenant_slug, publisher_posts.text AS publisher_posts_text, publisher_posts.media_ids AS publisher_posts_media_ids, publisher_posts.page_ids AS publisher_posts_page_ids, publisher_posts.facebook_post_ids AS publisher_posts_facebook_post_ids, publisher_posts.status AS publisher_posts_status, publisher_posts.publish_type AS publisher_posts_publish_type, publisher_posts.publish_time AS publisher_posts_publish_time, publisher_posts.visibility AS publisher_posts_visibility, publisher_posts.error_message AS publisher_posts_error_message, publisher_posts.created_at AS publisher_posts_created_at 
FROM publisher_posts 
WHERE publisher_posts.status IN (?, ?) AND publisher_posts.tenant_slug = ?]
[parameters: ('queued', 'scheduled', 'test')]
(Background on this error at: https://sqlalche.me/e/20/e3q8)
Traceback (most recent call last):
  File "C:\Users\msi\Desktop\مجلد جديد (2)\accounting_system\venv\Lib\site-packages\sqlalchemy\engine\base.py", line 1967, in _exec_single_context
    self.dialect.do_execute(
  File "C:\Users\msi\Desktop\مجلد جديد (2)\accounting_system\venv\Lib\site-packages\sqlalchemy\engine\default.py", line 952, in do_execute
    cursor.execute(statement, parameters)
sqlite3.OperationalError: no such column: publisher_posts.visibility

The above exception was the direct cause of the following exception:

Traceback (most recent call last):
  File "C:\Users\msi\Desktop\مجلد جديد (2)\accounting_system\modules\publisher\services\scheduler_service.py", line 335, in _publish_due_posts
    posts = query.all()
            ^^^^^^^^^^^
  File "C:\Users\msi\Desktop\مجلد جديد (2)\accounting_system\venv\Lib\site-packages\sqlalchemy\orm\query.py", line 2704, in all
    return self._iter().all()  # type: ignore
           ^^^^^^^^^^^^
  File "C:\Users\msi\Desktop\مجلد جديد (2)\accounting_system\venv\Lib\site-packages\sqlalchemy\orm\query.py", line 2857, in _iter
    result: Union[ScalarResult[_T], Result[_T]] = self.session.execute(
                                                  ^^^^^^^^^^^^^^^^^^^^^
  File "C:\Users\msi\Desktop\مجلد جديد (2)\accounting_system\venv\Lib\site-packages\sqlalchemy\orm\session.py", line 2351, in execute
    return self._execute_internal(
           ^^^^^^^^^^^^^^^^^^^^^^^
  File "C:\Users\msi\Desktop\مجلد جديد (2)\accounting_system\venv\Lib\site-packages\sqlalchemy\orm\session.py", line 2249, in _execute_internal
    result: Result[Any] = compile_state_cls.orm_execute_statement(
                          ^^^^^^^^^^^^^^^^^^^^^^^^^^^^^^^^^^^^^^^^
  File "C:\Users\msi\Desktop\مجلد جديد (2)\accounting_system\venv\Lib\site-packages\sqlalchemy\orm\context.py", line 306, in orm_execute_statement
    result = conn.execute(
             ^^^^^^^^^^^^^
  File "C:\Users\msi\Desktop\مجلد جديد (2)\accounting_system\venv\Lib\site-packages\sqlalchemy\engine\base.py", line 1419, in execute
    return meth(
           ^^^^^
  File "C:\Users\msi\Desktop\مجلد جديد (2)\accounting_system\venv\Lib\site-packages\sqlalchemy\sql\elements.py", line 527, in _execute_on_connection
    return connection._execute_clauseelement(
           ^^^^^^^^^^^^^^^^^^^^^^^^^^^^^^^^^^
  File "C:\Users\msi\Desktop\مجلد جديد (2)\accounting_system\venv\Lib\site-packages\sqlalchemy\engine\base.py", line 1641, in _execute_clauseelement
    ret = self._execute_context(
          ^^^^^^^^^^^^^^^^^^^^^^
  File "C:\Users\msi\Desktop\مجلد جديد (2)\accounting_system\venv\Lib\site-packages\sqlalchemy\engine\base.py", line 1846, in _execute_context
    return self._exec_single_context(
           ^^^^^^^^^^^^^^^^^^^^^^^^^^
  File "C:\Users\msi\Desktop\مجلد جديد (2)\accounting_system\venv\Lib\site-packages\sqlalchemy\engine\base.py", line 1986, in _exec_single_context
    self._handle_dbapi_exception(
  File "C:\Users\msi\Desktop\مجلد جديد (2)\accounting_system\venv\Lib\site-packages\sqlalchemy\engine\base.py", line 2363, in _handle_dbapi_exception
    raise sqlalchemy_exception.with_traceback(exc_info[2]) from e
  File "C:\Users\msi\Desktop\مجلد جديد (2)\accounting_system\venv\Lib\site-packages\sqlalchemy\engine\base.py", line 1967, in _exec_single_context
    self.dialect.do_execute(
  File "C:\Users\msi\Desktop\مجلد جديد (2)\accounting_system\venv\Lib\site-packages\sqlalchemy\engine\default.py", line 952, in do_execute
    cursor.execute(statement, parameters)
sqlalchemy.exc.OperationalError: (sqlite3.OperationalError) no such column: publisher_posts.visibility
[SQL: SELECT publisher_posts.id AS publisher_posts_id, publisher_posts.tenant_slug AS publisher_posts_tenant_slug, publisher_posts.text AS publisher_posts_text, publisher_posts.media_ids AS publisher_posts_media_ids, publisher_posts.page_ids AS publisher_posts_page_ids, publisher_posts.facebook_post_ids AS publisher_posts_facebook_post_ids, publisher_posts.status AS publisher_posts_status, publisher_posts.publish_type AS publisher_posts_publish_type, publisher_posts.publish_time AS publisher_posts_publish_time, publisher_posts.visibility AS publisher_posts_visibility, publisher_posts.error_message AS publisher_posts_error_message, publisher_posts.created_at AS publisher_posts_created_at 
FROM publisher_posts 
WHERE publisher_posts.status IN (?, ?) AND publisher_posts.tenant_slug = ?]
[parameters: ('queued', 'scheduled', 'test')]
(Background on this error at: https://sqlalche.me/e/20/e3q8)
